// Jest Snapshot v1, https://goo.gl/fbAQLP

exports[`Switch test cases Render check 1`] = `
<DocumentFragment>
  <label
    class="css-4eji24"
  >
    <input
      id="ffffffd50ce238"
      type="checkbox"
    />
    <label
      class="css-16rmee5"
      data-testid="SwitchVisiblePart"
      for="ffffffd50ce238"
    />
  </label>
</DocumentFragment>
`;
